this is a testlog

